// Jest Snapshot v1, https://goo.gl/fbAQLP

exports[`<EventList /> should render loading then render EventList 1`] = `
<div>
  <li
    class="MuiListItem-root MuiListItem-gutters"
  >
    <div
      class="MuiGrid-root MuiGrid-container MuiGrid-spacing-xs-2"
    >
      <div
        class="MuiGrid-root MuiGrid-item MuiGrid-grid-xs-true"
      >
        <div
          class="MuiFormControl-root MuiTextField-root"
        >
          <label
            class="MuiFormLabel-root MuiInputLabel-root MuiInputLabel-formControl MuiInputLabel-animated"
            data-shrink="false"
          >
            Keywords
          </label>
          <div
            class="MuiInputBase-root MuiInput-root MuiInput-underline MuiInputBase-formControl MuiInput-formControl MuiInputBase-adornedEnd"
          >
            <input
              aria-invalid="false"
              class="MuiInputBase-input MuiInput-input MuiInputBase-inputAdornedEnd"
              type="text"
              value=""
            />
            <div
              class="MuiInputAdornment-root MuiInputAdornment-positionEnd"
            >
              <button
                class="MuiButtonBase-root MuiButton-root MuiButton-contained"
                tabindex="0"
                type="button"
              >
                <span
                  class="MuiButton-label"
                >
                  Go
                </span>
                <span
                  class="MuiTouchRipple-root"
                />
              </button>
            </div>
          </div>
        </div>
      </div>
      <div
        class="MuiGrid-root MuiGrid-item MuiGrid-grid-xs-true"
      >
        <div
          class="MuiFormControl-root MuiTextField-root"
          format="MMMM do"
        >
          <label
            class="MuiFormLabel-root MuiInputLabel-root MuiInputLabel-formControl MuiInputLabel-animated MuiInputLabel-shrink MuiFormLabel-filled"
            data-shrink="true"
          >
            Time
          </label>
          <div
            class="MuiInputBase-root MuiInput-root MuiInput-underline MuiInputBase-formControl MuiInput-formControl"
          >
            <input
              aria-invalid="false"
              class="MuiInputBase-input MuiInput-input"
              readonly=""
              type="text"
              value="August 8th"
            />
          </div>
          
        </div>
      </div>
      <div
        class="MuiGrid-root MuiGrid-item MuiGrid-grid-xs-true"
      >
        <div
          class="MuiFormControl-root MuiTextField-root MuiFormControl-fullWidth"
        >
          <label
            class="MuiFormLabel-root MuiInputLabel-root MuiInputLabel-formControl MuiInputLabel-animated"
            data-shrink="false"
          >
            City
          </label>
          <div
            class="MuiInputBase-root MuiInput-root MuiInput-underline MuiInputBase-fullWidth MuiInput-fullWidth MuiInputBase-formControl MuiInput-formControl"
          >
            <div
              aria-haspopup="listbox"
              class="MuiSelect-root MuiSelect-select MuiSelect-selectMenu MuiInputBase-input MuiInput-input"
              role="button"
              tabindex="0"
            >
              <span>
                â€‹
              </span>
            </div>
            <input
              aria-hidden="true"
              class="MuiSelect-nativeInput"
              tabindex="-1"
              value=""
            />
            <svg
              aria-hidden="true"
              class="MuiSvgIcon-root MuiSelect-icon"
              focusable="false"
              viewBox="0 0 24 24"
            >
              <path
                d="M7 10l5 5 5-5z"
              />
            </svg>
          </div>
        </div>
      </div>
    </div>
  </li>
  <ul
    class="MuiList-root MuiList-padding"
  >
    <div
      aria-disabled="false"
      class="MuiButtonBase-root MuiListItem-root MuiListItem-gutters MuiListItem-button"
      role="button"
      tabindex="0"
    >
      <div
        class="MuiListItemText-root MuiListItemText-multiline"
      >
        <span
          class="MuiTypography-root MuiListItemText-primary MuiTypography-body1 MuiTypography-displayBlock"
        >
          &lt;mock-value-for-field-"title"&gt;
        </span>
        <p
          class="MuiTypography-root MuiListItemText-secondary MuiTypography-body2 MuiTypography-colorTextSecondary MuiTypography-displayBlock"
        >
          <p
            class="MuiTypography-root MuiTypography-body2 MuiTypography-colorTextPrimary"
          >
            &lt;mock-value-for-field-"city"&gt;, &lt;mock-value-for-field-"state"&gt;, &lt;mock-value-for-field-"country"&gt;
          </p>
          <div>
            Invalid Date
          </div>
          1
           
          seat
           left
        </p>
      </div>
      <span
        class="MuiTouchRipple-root"
      />
    </div>
    <div
      aria-disabled="false"
      class="MuiButtonBase-root MuiListItem-root MuiListItem-gutters MuiListItem-button"
      role="button"
      tabindex="0"
    >
      Load more
      <span
        class="MuiTouchRipple-root"
      />
    </div>
  </ul>
</div>
`;
